Starting test...
Libraries imported
Credentials loaded
Drive service created
SUCCESS! Found 1 files:
  - Family_Archive (ID: 1aBx9VH0mM8ZwQfOhHELbToGoZ90WubJz)
